\BOOKMARK [0][-]{section*.1}{\376\377\016\052\016\062\016\043\016\032\016\061\016\015\016\043\016\071\016\033}{}% 1
\BOOKMARK [0][-]{section*.2}{\376\377\016\052\016\062\016\043\016\032\016\061\016\015\016\025\016\062\016\043\016\062\016\007}{}% 2
\BOOKMARK [0][-]{chapter*.3}{\376\377\016\032\016\027\016\004\016\061\016\024\016\042\016\110\016\055}{}% 3
\BOOKMARK [0][-]{chapter.1}{\376\377\016\032\016\027\016\031\016\063}{}% 4
\BOOKMARK [1][-]{section.1.1}{Background\040and\040Motivation}{chapter.1}% 5
\BOOKMARK [1][-]{section.1.2}{Problem\040Statement}{chapter.1}% 6
\BOOKMARK [1][-]{section.1.3}{Research\040Objectives}{chapter.1}% 7
\BOOKMARK [2][-]{subsection.1.3.1}{Objective\0401}{section.1.3}% 8
\BOOKMARK [2][-]{subsection.1.3.2}{Objective\0402}{section.1.3}% 9
\BOOKMARK [2][-]{subsection.1.3.3}{Objective\0403}{section.1.3}% 10
\BOOKMARK [1][-]{section.1.4}{Requirements}{chapter.1}% 11
\BOOKMARK [2][-]{subsection.1.4.1}{RQ1}{section.1.4}% 12
\BOOKMARK [2][-]{subsection.1.4.2}{RQ2}{section.1.4}% 13
\BOOKMARK [2][-]{subsection.1.4.3}{RQ3}{section.1.4}% 14
\BOOKMARK [1][-]{section.1.5}{Contributions}{chapter.1}% 15
\BOOKMARK [0][-]{chapter.2}{\376\377\016\007\016\062\016\031\016\027\016\065\016\110\016\100\016\001\016\065\016\110\016\042\016\047\016\002\016\111\016\055\016\007}{}% 16
\BOOKMARK [1][-]{section.2.1}{Automated\040Dataset\040Annotation}{chapter.2}% 17
\BOOKMARK [1][-]{section.2.2}{Segment\040Anything\040Models}{chapter.2}% 18
\BOOKMARK [1][-]{section.2.3}{Object\040Detection}{chapter.2}% 19
\BOOKMARK [1][-]{section.2.4}{Instance\040Segmentation}{chapter.2}% 20
\BOOKMARK [1][-]{section.2.5}{Model\040Efficiency}{chapter.2}% 21
\BOOKMARK [1][-]{section.2.6}{Research\040Gap}{chapter.2}% 22
\BOOKMARK [0][-]{chapter.3}{\376\377\016\012\016\070\016\024\016\002\016\111\016\055\016\041\016\071\016\045\016\101\016\045\016\060\016\031\016\064\016\042\016\062\016\041\016\033\016\061\016\015\016\053\016\062}{}% 23
\BOOKMARK [1][-]{section.3.1}{Dataset\040Overview}{chapter.3}% 24
\BOOKMARK [1][-]{section.3.2}{Data\040Collection}{chapter.3}% 25
\BOOKMARK [1][-]{section.3.3}{Dataset\040Distribution}{chapter.3}% 26
\BOOKMARK [1][-]{section.3.4}{Data\040Quality}{chapter.3}% 27
\BOOKMARK [1][-]{section.3.5}{Train\040/\040Validation\040/\040Test\040Split}{chapter.3}% 28
\BOOKMARK [0][-]{chapter.4}{\376\377\000R\000Q\0001\000\040\040\024\000\040\016\001\016\062\016\043\016\052\016\043\016\111\016\062\016\007\000\040\000G\000r\000o\000u\000n\000d\000-\000T\000r\000u\000t\000h\000\040\016\055\016\061\016\025\016\102\016\031\016\041\016\061\016\025\016\064\000\040\000\050\000R\000e\000q\000u\000i\000r\000e\000m\000e\000n\000t\000\040\0001\000\051}{}% 29
\BOOKMARK [1][-]{section.4.1}{Objective}{chapter.4}% 30
\BOOKMARK [1][-]{section.4.2}{SAM\0403.1\040Annotation\040Pipeline}{chapter.4}% 31
\BOOKMARK [1][-]{section.4.3}{Annotation\040Procedure}{chapter.4}% 32
\BOOKMARK [1][-]{section.4.4}{Human\040Verification\040Protocol}{chapter.4}% 33
\BOOKMARK [1][-]{section.4.5}{RQ1\040Evaluation\040Metrics}{chapter.4}% 34
\BOOKMARK [2][-]{subsection.4.5.1}{Intersection\040over\040Union}{section.4.5}% 35
\BOOKMARK [2][-]{subsection.4.5.2}{Dice\040Score}{section.4.5}% 36
\BOOKMARK [2][-]{subsection.4.5.3}{Precision,\040Recall,\040F1}{section.4.5}% 37
\BOOKMARK [1][-]{section.4.6}{Annotation\040Efficiency}{chapter.4}% 38
\BOOKMARK [1][-]{section.4.7}{SAM\0403.1\040Optimization}{chapter.4}% 39
\BOOKMARK [1][-]{section.4.8}{\376\377\000P\000i\000p\000e\000l\000i\000n\000e\000\040\000A\000r\000c\000h\000i\000t\000e\000c\000t\000u\000r\000e\000\040\016\101\016\045\016\060\000\040\000N\000o\000-\000V\000i\000z\000\040\000A\000n\000a\000l\000y\000s\000i\000s}{chapter.4}% 40
\BOOKMARK [1][-]{section.4.9}{RQ1\040Results}{chapter.4}% 41
\BOOKMARK [1][-]{section.4.10}{RQ1\040Discussion}{chapter.4}% 42
\BOOKMARK [0][-]{chapter.5}{\376\377\000R\000Q\0002\000\040\040\024\000\040\016\001\016\062\016\043\016\100\016\033\016\043\016\065\016\042\016\032\016\100\016\027\016\065\016\042\016\032\016\102\016\041\016\100\016\024\016\045\000\040\000Y\000O\000L\000O\0002\0006\000\040\000\050\000R\000e\000q\000u\000i\000r\000e\000m\000e\000n\000t\000\040\0002\000\051}{}% 43
\BOOKMARK [1][-]{section.5.1}{Objective}{chapter.5}% 44
\BOOKMARK [1][-]{section.5.2}{Experimental\040Models}{chapter.5}% 45
\BOOKMARK [1][-]{section.5.3}{Training\040Configuration}{chapter.5}% 46
\BOOKMARK [1][-]{section.5.4}{Evaluation\040Metrics}{chapter.5}% 47
\BOOKMARK [2][-]{subsection.5.4.1}{Accuracy}{section.5.4}% 48
\BOOKMARK [2][-]{subsection.5.4.2}{Segmentation}{section.5.4}% 49
\BOOKMARK [2][-]{subsection.5.4.3}{Efficiency}{section.5.4}% 50
\BOOKMARK [1][-]{section.5.5}{Experimental\040Protocol}{chapter.5}% 51
\BOOKMARK [1][-]{section.5.6}{Overall\040Results}{chapter.5}% 52
\BOOKMARK [1][-]{section.5.7}{Per-Class\040Results}{chapter.5}% 53
\BOOKMARK [1][-]{section.5.8}{False\040Positive\040and\040False\040Negative}{chapter.5}% 54
\BOOKMARK [1][-]{section.5.9}{Computational\040Results}{chapter.5}% 55
\BOOKMARK [1][-]{section.5.10}{\376\377\000A\000c\000c\000u\000r\000a\000c\000y\040\023\000E\000f\000f\000i\000c\000i\000e\000n\000c\000y\000\040\000T\000r\000a\000d\000e\000-\000o\000f\000f}{chapter.5}% 56
\BOOKMARK [1][-]{section.5.11}{Pareto\040Analysis}{chapter.5}% 57
\BOOKMARK [1][-]{section.5.12}{Model\040Selection}{chapter.5}% 58
\BOOKMARK [1][-]{section.5.13}{RQ2\040Discussion}{chapter.5}% 59
\BOOKMARK [0][-]{chapter.6}{\376\377\000R\000Q\0003\000\040\040\024\000\040\016\001\016\062\016\043\000\040\000G\000e\000n\000e\000r\000a\000l\000i\000z\000e\000\040\016\052\016\071\016\110\016\002\016\111\016\055\016\041\016\071\016\045\016\010\016\043\016\064\016\007\000\040\000\050\000R\000e\000q\000u\000i\000r\000e\000m\000e\000n\000t\000\040\0003\000\051}{}% 60
\BOOKMARK [1][-]{section.6.1}{Objective}{chapter.6}% 61
\BOOKMARK [1][-]{section.6.2}{Real-World\040Dataset}{chapter.6}% 62
\BOOKMARK [1][-]{section.6.3}{Distribution\040Shift}{chapter.6}% 63
\BOOKMARK [1][-]{section.6.4}{Evaluation\040Protocol}{chapter.6}% 64
\BOOKMARK [1][-]{section.6.5}{Real-World\040Results}{chapter.6}% 65
\BOOKMARK [1][-]{section.6.6}{Generalization\040Gap}{chapter.6}% 66
\BOOKMARK [1][-]{section.6.7}{Error\040Analysis}{chapter.6}% 67
\BOOKMARK [1][-]{section.6.8}{RQ3\040Discussion}{chapter.6}% 68
\BOOKMARK [0][-]{chapter.7}{\376\377\016\001\016\062\016\043\016\047\016\064\016\100\016\004\016\043\016\062\016\060\016\053\016\114\016\100\016\012\016\067\016\110\016\055\016\041\016\102\016\042\016\007\016\043\016\060\016\053\016\047\016\110\016\062\016\007\000\040\000R\000Q}{}% 69
\BOOKMARK [1][-]{section.7.1}{Dataset\040Quality\040\040Model\040Performance}{chapter.7}% 70
\BOOKMARK [1][-]{section.7.2}{Model\040Performance\040\040Real-World\040Generalization}{chapter.7}% 71
\BOOKMARK [1][-]{section.7.3}{End-to-End\040Pipeline}{chapter.7}% 72
\BOOKMARK [0][-]{chapter.8}{\376\377\016\001\016\062\016\043\016\047\016\064\016\100\016\004\016\043\016\062\016\060\016\053\016\114\016\027\016\062\016\007\016\052\016\026\016\064\016\025\016\064}{}% 73
\BOOKMARK [1][-]{section.8.1}{Single-Run\040Results}{chapter.8}% 74
\BOOKMARK [1][-]{section.8.2}{Limitations\040of\040Single-Run\040Evaluation}{chapter.8}% 75
\BOOKMARK [1][-]{section.8.3}{Recommendations\040for\040Statistical\040Rigor}{chapter.8}% 76
\BOOKMARK [0][-]{chapter.9}{\376\377\016\002\016\111\016\055\016\010\016\063\016\001\016\061\016\024}{}% 77
\BOOKMARK [0][-]{chapter.10}{Reproducibility}{}% 78
\BOOKMARK [0][-]{chapter.11}{\376\377\016\032\016\027\016\052\016\043\016\070\016\033}{}% 79
\BOOKMARK [1][-]{section.11.1}{RQ1\040\(Requirement\0401:\040Automated\040Annotation\)}{chapter.11}% 80
\BOOKMARK [1][-]{section.11.2}{RQ2\040\(Requirement\0402:\040Model\040Benchmarking\)}{chapter.11}% 81
\BOOKMARK [1][-]{section.11.3}{RQ3\040\(Requirement\0403:\040Real-World\040Generalization\)}{chapter.11}% 82
\BOOKMARK [0][-]{chapter.12}{\376\377\016\101\016\031\016\047\016\027\016\062\016\007\016\007\016\062\016\031\016\103\016\031\016\055\016\031\016\062\016\004\016\025}{}% 83
\BOOKMARK [0][-]{chapter*.33}{\376\377\016\100\016\055\016\001\016\052\016\062\016\043\016\055\016\111\016\062\016\007\016\055\016\064\016\007}{}% 84
\BOOKMARK [0][-]{chapter.A}{Full\040Dataset\040Statistics}{}% 85
\BOOKMARK [0][-]{chapter.B}{Training\040Configuration}{}% 86
\BOOKMARK [1][-]{section.B.1}{Augmentation\040Configuration}{chapter.B}% 87
\BOOKMARK [0][-]{chapter.C}{Complete\040Model\040Results}{}% 88
\BOOKMARK [1][-]{section.C.1}{SAM\0403.1\040Detailed\040Benchmark}{chapter.C}% 89
\BOOKMARK [0][-]{chapter.D}{Experiment\040Logs}{}% 90
\BOOKMARK [1][-]{section.D.1}{MLflow\040Run\040IDs}{chapter.D}% 91
\BOOKMARK [1][-]{section.D.2}{Model\040File\040Paths}{chapter.D}% 92
\BOOKMARK [1][-]{section.D.3}{Pipeline\040Scripts}{chapter.D}% 93
\BOOKMARK [1][-]{section.D.4}{SAM\0403.1\040Annotation\040Experiment}{chapter.D}% 94
\BOOKMARK [1][-]{section.D.5}{SAM\0403.1\040Categories}{chapter.D}% 95
\BOOKMARK [1][-]{section.D.6}{V4_Recipe:\040Two-Stage\040Transfer\040Learning\040Experiment}{chapter.D}% 96
\BOOKMARK [2][-]{subsection.D.6.1}{\376\377\016\001\016\062\016\043\016\025\016\061\016\111\016\007\016\004\016\110\016\062}{section.D.6}% 97
\BOOKMARK [2][-]{subsection.D.6.2}{\376\377\016\034\016\045\000\040\000T\000e\000s\000t\000\040\000S\000e\000t\000\040\000\050\0009\0002\000\040\016\040\016\062\016\036\000\051}{section.D.6}% 98
\BOOKMARK [2][-]{subsection.D.6.3}{\376\377\016\100\016\033\016\043\016\065\016\042\016\032\016\100\016\027\016\065\016\042\016\032\016\001\016\061\016\032\000\040\000S\000G\000D\000\040\000B\000a\000s\000e\000l\000i\000n\000e\000\040\000\050\000v\0002\000\051}{section.D.6}% 99
\BOOKMARK [2][-]{subsection.D.6.4}{Per-Class\040Performance}{section.D.6}% 100
\BOOKMARK [2][-]{subsection.D.6.5}{\376\377\000F\000a\000i\000l\000u\000r\000e\000\040\000C\000a\000s\000e\000\040\000A\000n\000a\000l\000y\000s\000i\000s\000:\000\040\0001\0000\000\040\016\001\016\043\016\023\016\065\016\027\016\065\016\110\016\031\016\110\016\062\016\052\016\031\016\103\016\010}{section.D.6}% 101
\BOOKMARK [2][-]{subsection.D.6.6}{\376\377\016\002\016\111\016\055\016\100\016\052\016\031\016\055\016\101\016\031\016\060\016\052\016\063\016\053\016\043\016\061\016\032\000\040\000P\000r\000o\000d\000u\000c\000t\000i\000o\000n}{section.D.6}% 102
\BOOKMARK [2][-]{subsection.D.6.7}{\376\377\000O\000N\000N\000X\000\040\000E\000x\000p\000o\000r\000t\000\040\016\101\016\045\016\060\000\040\000G\000P\000U\000\040\000I\000n\000f\000e\000r\000e\000n\000c\000e\000\040\000B\000e\000n\000c\000h\000m\000a\000r\000k}{section.D.6}% 103
\BOOKMARK [0][-]{chapter.E}{\376\377\016\001\016\062\016\043\016\027\016\024\016\052\016\055\016\032\016\032\016\031\000\040\000B\000l\000u\000r\000r\000e\000d\000\040\000D\000a\000t\000a\000s\000e\000t}{}% 104
\BOOKMARK [1][-]{section.E.1}{\376\377\016\040\016\062\016\036\016\043\016\047\016\041}{chapter.E}% 105
\BOOKMARK [1][-]{section.E.2}{\376\377\016\034\016\045\016\001\016\062\016\043\000\040\000I\000n\000f\000e\000r\000e\000n\000c\000e}{chapter.E}% 106
\BOOKMARK [1][-]{section.E.3}{\376\377\016\047\016\064\016\100\016\004\016\043\016\062\016\060\016\053\016\114\016\034\016\045}{chapter.E}% 107
\BOOKMARK [1][-]{section.E.4}{\376\377\000G\000o\000o\000d\000\040\000C\000a\000s\000e\000s\000\040\000\050\016\053\016\045\016\062\016\042\000\040\000c\000l\000a\000s\000s\000,\000\040\016\053\016\045\016\062\016\042\000\040\000d\000e\000t\000e\000c\000t\000i\000o\000n\000\051}{chapter.E}% 108
\BOOKMARK [1][-]{section.E.5}{\376\377\000B\000a\000d\000\040\000C\000a\000s\000e\000s\000\040\000\050\016\031\016\111\016\055\016\042\000\040\000c\000l\000a\000s\000s\000,\000\040\016\031\016\111\016\055\016\042\000\040\000d\000e\000t\000e\000c\000t\000i\000o\000n\000\051}{chapter.E}% 109
\BOOKMARK [1][-]{section.E.6}{Per-Model\040Top\040Detections}{chapter.E}% 110
\BOOKMARK [1][-]{section.E.7}{\376\377\016\052\016\043\016\070\016\033\000\040\000B\000l\000u\000r\000r\000e\000d\000\040\000D\000a\000t\000a\000s\000e\000t}{chapter.E}% 111
